2024-06-02T11:11:01  docs: clarify usage notes
2024-07-11T18:28:08  test: add edge case
2024-08-02T13:45:15  refactor: tidy internals
2024-08-18T08:02:22  fix: handle empty input gracefully
2024-09-09T15:19:29  perf: micro-optimization
2024-10-19T10:36:36  style: formatting
2024-11-10T17:53:43  chore: bump dev tooling
2024-12-03T12:10:50  docs: expand examples
2024-12-18T19:27:57  test: strengthen coverage
2025-01-10T14:44:04  chore: tune defaults
2025-02-18T09:01:11  refactor: simplify helper
2025-03-13T16:18:18  chore: routine maintenance
2025-04-04T11:35:25  docs: clarify usage notes
2025-04-20T18:52:32  test: add edge case
2025-05-12T13:09:39  refactor: tidy internals
2025-06-21T08:26:46  fix: handle empty input gracefully
2025-07-13T15:43:53  perf: micro-optimization
2025-08-04T10:00:00  style: formatting
2025-08-20T17:17:07  chore: bump dev tooling
2025-09-11T12:34:14  docs: expand examples
2025-10-21T19:51:21  test: strengthen coverage
2025-11-12T14:08:28  chore: tune defaults
2025-11-28T09:25:35  refactor: simplify helper
2025-12-20T16:42:42  chore: routine maintenance
2026-01-12T11:59:49  docs: clarify usage notes
2026-02-20T18:16:56  test: add edge case
2026-03-15T13:33:03  refactor: tidy internals
2026-03-30T08:50:10  fix: handle empty input gracefully
2026-04-22T15:07:17  perf: micro-optimization
2026-05-14T10:24:24  style: formatting
2024-07-11T11:11:01  docs: standing on the shoulders of giants (garak, sigma, trufflehog)
